Microchip MPLAB XC8 Compiler V2.50

Linker command line:

-W-3 \
  --edf=C:\Program Files\Microchip\xc8\v2.50\pic\dat\20240725155939_en.msgs \
  -cn -h+dist/default/production\SprintfLCD.X.production.sym \
  --cmf=dist/default/production\SprintfLCD.X.production.cmf -z -Q18F25K50 \
  -oC:\Users\Jhonatan\AppData\Local\Temp\xcAskes.\driver_tmp_3.o \
  --defsym=__MPLAB_BUILD=1 --fixupoverflow=error \
  -Mdist/default/production/SprintfLCD.X.production.map \
  --md=C:\Users\Jhonatan\AppData\Local\Temp\xcAskes.\driver_tmp_0.dat -E1 \
  -ver=XC8 Compiler --acfsm=1493 -ACODE=00h-07FFFh -ACONST=00h-07FFFh \
  -ASMALLCONST=0800h-08FFhx120 -AMEDIUMCONST=0800h-07FFFh -ACOMRAM=01h-05Fh \
  -AABS1=00h-07FFh -ABIGRAM=01h-07FFh -ARAM=060h-0FFh,0100h-01FFhx7 \
  -ABANK0=060h-0FFh -ABANK1=0100h-01FFh -ABANK2=0200h-02FFh \
  -ABANK3=0300h-03FFh -ABANK4=0400h-04FFh -ABANK5=0500h-05FFh \
  -ABANK6=0600h-06FFh -ABANK7=0700h-07FFh -ASFR=0F53h-0F5Fh,0F60h-0FFFh \
  -ABIGSFR=0F53h-0FFFh -ACONFIG=0300000h-030000Dh -AIDLOC=0200000h-0200007h \
  -AEEDATA=0F00000h-0F000FFh -peeprom_data=EEDATA \
  -preset_vec=00h,intcode=8h,intcodelo,powerup,init -pramtop=0800h \
  -psmallconst=SMALLCONST -pmediumconst=MEDIUMCONST -pconst=CONST \
  -AFARRAM=00h-00h \
  -prdata=COMRAM,nvrram=COMRAM,nvbit=COMRAM,rbss=COMRAM,rbit=COMRAM \
  -pfarbss=FARRAM,fardata=FARRAM,nvFARRAM=FARRAM \
  -pintsave_regs=BIGRAM,bigbss=BIGRAM,bigdata=BIGRAM -pbss=RAM \
  -pidata=CODE,irdata=CODE,ibigdata=CODE,ifardata=CODE -prparam=COMRAM \
  C:\Users\Jhonatan\AppData\Local\Temp\xcAskes.\driver_tmp_14.o \
  dist/default/production\SprintfLCD.X.production.o 

Object code version is 3.11

Machine type is 18F25K50



                Name                               Link     Load   Length Selector   Space Scale
C:\Users\Jhonatan\AppData\Local\Temp\xcAskes.\driver_tmp_14.o
                config                           300000   300000        E        0       4
                init                                 C6       C6        4        4       0
                reset_vec                             0        0        4        0       0
dist/default/production\SprintfLCD.X.production.o
                intcode                               8        8       BE        4       0
                config                           300000   300000        E        0       4
                temp                                 49       49        1        1       1
                smallconst                          800      800       26      400       0
                text57                             1368     1368        4      413       0
                text56                             1364     1364        4      413       0
                text55                             1218     1218       24      413       0
                text54                              F50      F50       58      413       0
                text53                             1280     1280       14      413       0
                text52                             11F2     11F2       26      413       0
                text51                             11CC     11CC       26      413       0
                text50                             11A6     11A6       26      413       0
                text49                             1180     1180       26      413       0
                text48                             115A     115A       26      413       0
                text47                             1020     1020       3A      413       0
                text46                             1134     1134       26      413       0
                text45                             110E     110E       26      413       0
                text44                             10E8     10E8       26      413       0
                text43                              FE6      FE6       3A      413       0
                text42                             1360     1360        4      413       0
                text41                             135C     135C        4      413       0
                text40                             1358     1358        4      413       0
                text39                             1342     1342        6      413       0
                text38                             1354     1354        4      413       0
                text37                             133C     133C        6      413       0
                text36                             132E     132E        8      413       0
                text35                             126C     126C       14      413       0
                text34                             1350     1350        4      413       0
                text33                              E08      E08       7A      413       0
                text32                             12EC     12EC        A      413       0
                text31                             12C6     12C6       10      413       0
                text30                             12B6     12B6       10      413       0
                text29                              9DE      9DE       C4      413       0
                text28                              D64      D64       A4      413       0
                text27                             12D6     12D6        C      413       0
                text26                             1326     1326        8      413       0
                text25                             131E     131E        8      413       0
                text24                             1316     1316        8      413       0
                text23                             130E     130E        8      413       0
                text22                             1306     1306        8      413       0
                text21                             12FE     12FE        8      413       0
                text20                             12F6     12F6        8      413       0
                text19                             12E2     12E2        A      413       0
                text18                              E82      E82       68      413       0
                text17                             134C     134C        4      413       0
                text16                              EEA      EEA       66      413       0
                text15                             1336     1336        6      413       0
                text13                             12A6     12A6       10      413       0
                text12                             1348     1348        4      413       0
                text11                             123C     123C       1C      413       0
                text10                             1258     1258       14      413       0
                text9                              1294     1294       12      413       0
                text8                               AA2      AA2       C2      413       0
                text7                               B64      B64       AE      413       0
                text6                              108E     108E       34      413       0
                text5                              136C     136C        2      413       0
                text4                               C12      C12       AA      413       0
                text3                               826      826      1B8      413       0
                text2                               FA8      FA8       3E      413       0
                text1                              105A     105A       34      413       0
                text0                               CBC      CBC       A8      413       0
                cstackCOMRAM                          1        1       3F        1       1
                cstackBANK0                          9E       9E       10       60       1
                bssBANK0                             60       60       3E       60       1
                bssCOMRAM                            40       40        9        1       1
                cinit                              10C2     10C2       26      413       0

TOTAL           Name                               Link     Load   Length     Space
        CLASS   CODE           
                intcode                               8        8       BE         0
                init                                 C6       C6        4         0
                reset_vec                             0        0        4         0
                text57                             1368     1368        4         0
                text56                             1364     1364        4         0
                text55                             1218     1218       24         0
                text54                              F50      F50       58         0
                text53                             1280     1280       14         0
                text52                             11F2     11F2       26         0
                text51                             11CC     11CC       26         0
                text50                             11A6     11A6       26         0
                text49                             1180     1180       26         0
                text48                             115A     115A       26         0
                text47                             1020     1020       3A         0
                text46                             1134     1134       26         0
                text45                             110E     110E       26         0
                text44                             10E8     10E8       26         0
                text43                              FE6      FE6       3A         0
                text42                             1360     1360        4         0
                text41                             135C     135C        4         0
                text40                             1358     1358        4         0
                text39                             1342     1342        6         0
                text38                             1354     1354        4         0
                text37                             133C     133C        6         0
                text36                             132E     132E        8         0
                text35                             126C     126C       14         0
                text34                             1350     1350        4         0
                text33                              E08      E08       7A         0
                text32                             12EC     12EC        A         0
                text31                             12C6     12C6       10         0
                text30                             12B6     12B6       10         0
                text29                              9DE      9DE       C4         0
                text28                              D64      D64       A4         0
                text27                             12D6     12D6        C         0
                text26                             1326     1326        8         0
                text25                             131E     131E        8         0
                text24                             1316     1316        8         0
                text23                             130E     130E        8         0
                text22                             1306     1306        8         0
                text21                             12FE     12FE        8         0
                text20                             12F6     12F6        8         0
                text19                             12E2     12E2        A         0
                text18                              E82      E82       68         0
                text17                             134C     134C        4         0
                text16                              EEA      EEA       66         0
                text15                             1336     1336        6         0
                text13                             12A6     12A6       10         0
                text12                             1348     1348        4         0
                text11                             123C     123C       1C         0
                text10                             1258     1258       14         0
                text9                              1294     1294       12         0
                text8                               AA2      AA2       C2         0
                text7                               B64      B64       AE         0
                text6                              108E     108E       34         0
                text5                              136C     136C        2         0
                text4                               C12      C12       AA         0
                text3                               826      826      1B8         0
                text2                               FA8      FA8       3E         0
                text1                              105A     105A       34         0
                text0                               CBC      CBC       A8         0
                cinit                              10C2     10C2       26         0

        CLASS   CONST          

        CLASS   SMALLCONST     
                smallconst                          800      800       26         0

        CLASS   MEDIUMCONST    

        CLASS   COMRAM         
                temp                                 49       49        1         1
                cstackCOMRAM                          1        1       3F         1
                bssCOMRAM                            40       40        9         1

        CLASS   ABS1           

        CLASS   BIGRAM         

        CLASS   RAM            

        CLASS   BANK0          
                cstackBANK0                          9E       9E       10         1
                bssBANK0                             60       60       3E         1

        CLASS   BANK1          

        CLASS   BANK2          

        CLASS   BANK3          

        CLASS   BANK4          

        CLASS   BANK5          

        CLASS   BANK6          

        CLASS   BANK7          

        CLASS   SFR            

        CLASS   BIGSFR         

        CLASS   CONFIG         
                config                           300000   300000        E         4

        CLASS   IDLOC          

        CLASS   EEDATA         

        CLASS   FARRAM         

        CLASS   HEAP           

        CLASS   STACK          



SEGMENTS        Name                           Load    Length   Top    Selector   Space  Class

                reset_vec                      000000  000004  000004         0       0  CODE    
                cstackCOMRAM                   000001  000049  00004A         1       1  COMRAM  
                intcode                        000008  0000C2  0000CA         4       0  CODE    
                bssBANK0                       000060  00004E  0000AE        60       1  BANK0   
                smallconst                     000800  000026  000826       400       0  SMALLCON
                text3                          000826  000B48  00136E       413       0  CODE    


UNUSED ADDRESS RANGES

        Name                Unused          Largest block    Delta
        BANK0            0000AE-0000FF               52
        BANK1            000100-0001FF              100
        BANK2            000200-0002FF              100
        BANK3            000300-0003FF              100
        BANK4            000400-0004FF              100
        BANK5            000500-0005FF              100
        BANK6            000600-0006FF              100
        BANK7            000700-0007FF              100
        BIGRAM           00004A-00005F               16
                         0000AE-0007FF              752
        BIGSFR           000F53-000FFF               AD
        CODE             000004-000007                4
                         0000CA-0007FF              736
                         00136E-007FFF             6C92
        COMRAM           00004A-00005F               16
        CONST            000004-000007                4
                         0000CA-0007FF              736
                         00136E-007FFF             6C92
        EEDATA           F00000-F000FF              100
        IDLOC            200000-200007                8
        MEDIUMCONST      00136E-007FFF             6C92
        RAM              0000AE-0007FF              100
        SFR              000F53-000FFF                D
        SMALLCONST       00136E-007FFF              100

                                  Symbol Table

?___awdiv                                               cstackCOMRAM 000017
?___awmod                                               cstackCOMRAM 000017
?_abs                                                   cstackCOMRAM 00001D
?_sprintf                                               cstackCOMRAM 000030
?_vfprintf                                              cstackCOMRAM 00002C
I2C1_CallbackReturnReset@funPtr                         cstackCOMRAM 000008
I2C1_MasterSendTxData@data                              cstackCOMRAM 000001
I2C1_SetBuffer@buffer                                   cstackCOMRAM 000001
I2C1_SetBuffer@bufferSize                               cstackCOMRAM 000003
I2C1_SetCallback@cb                                     cstackCOMRAM 000001
I2C1_SetCallback@idx                                    cstackCOMRAM 000004
I2C1_SetCallback@ptr                                    cstackCOMRAM 000003
I2C1_SetDataCompleteCallback@cb                         cstackCOMRAM 000005
I2C1_SetDataCompleteCallback@ptr                        cstackCOMRAM 000007
_ACTCON                                                 (abs)        000FB5
_ANSELB                                                 (abs)        000F5C
_I2C1_CallbackReturnReset                               text41       00135C
_I2C1_CallbackReturnStop                                text42       001360
_I2C1_DO_ADDRESS_NACK                                   text18       000E82
_I2C1_DO_IDLE                                           text32       0012EC
_I2C1_DO_RCEN                                           text27       0012D6
_I2C1_DO_RESET                                          text19       0012E2
_I2C1_DO_RX                                             text28       000D64
_I2C1_DO_RX_ACK                                         text22       001306
_I2C1_DO_RX_NACK_RESTART                                text20       0012F6
_I2C1_DO_RX_NACK_STOP                                   text21       0012FE
_I2C1_DO_SEND_ADR_READ                                  text31       0012C6
_I2C1_DO_SEND_ADR_WRITE                                 text30       0012B6
_I2C1_DO_SEND_RESTART                                   text24       001316
_I2C1_DO_SEND_RESTART_READ                              text26       001326
_I2C1_DO_SEND_RESTART_WRITE                             text25       00131E
_I2C1_DO_SEND_STOP                                      text23       00130E
_I2C1_DO_TX                                             text29       0009DE
_I2C1_DO_TX_EMPTY                                       text33       000E08
_I2C1_Initialize                                        text13       0012A6
_I2C1_MasterClearIrq                                    text17       00134C
_I2C1_MasterEnableRestart                               text57       001368
_I2C1_MasterFsm                                         text16       000EEA
_I2C1_MasterGetRxData                                   text38       001354
_I2C1_MasterIsNack                                      text35       00126C
_I2C1_MasterIsr                                         text15       001336
_I2C1_MasterSendAck                                     text37       00133C
_I2C1_MasterSendNack                                    text39       001342
_I2C1_MasterSendTxData                                  text36       00132E
_I2C1_MasterSetIrq                                      text34       001350
_I2C1_MasterStartRx                                     text40       001358
_I2C1_MasterStop                                        text56       001364
_I2C1_SetBuffer                                         text55       001218
_I2C1_SetCallback                                       text54       000F50
_I2C1_SetDataCompleteCallback                           text53       001280
_I2C1_Status                                            bssBANK0     000080
_INTCON2bits                                            (abs)        000FF1
_INTCONbits                                             (abs)        000FF2
_INTERRUPT_Initialize                                   text12       001348
_INTERRUPT_InterruptManager                             intcode      000008
_LATA                                                   (abs)        000F89
_LATB                                                   (abs)        000F8A
_LATC                                                   (abs)        000F8B
_MSSP1_InterruptHandler                                 bssCOMRAM    000044
_OSCCON                                                 (abs)        000FD3
_OSCCON2                                                (abs)        000FD2
_OSCILLATOR_Initialize                                  text11       00123C
_OSCTUNE                                                (abs)        000F9B
_PIE1bits                                               (abs)        000F9D
_PIE2bits                                               (abs)        000FA0
_PIN_MANAGER_Initialize                                 text10       001258
_PIR1bits                                               (abs)        000F9E
_PIR2bits                                               (abs)        000FA1
_PLLRDY                                                 (abs)        007E97
_PORTBbits                                              (abs)        000F81
_RCONbits                                               (abs)        000FD0
_SSP1ADD                                                (abs)        000FC8
_SSP1BUF                                                (abs)        000FC9
_SSP1CON1                                               (abs)        000FC6
_SSP1CON1bits                                           (abs)        000FC6
_SSP1CON2                                               (abs)        000FC5
_SSP1CON2bits                                           (abs)        000FC5
_SSP1STAT                                               (abs)        000FC7
_SSP1STATbits                                           (abs)        000FC7
_SYSTEM_Initialize                                      text9        001294
_TRISB                                                  (abs)        000F93
_WPUBbits                                               (abs)        000F85
__HRAM                                                  (abs)        000000
__H__absolute__                                         __absolute__ 000000
__Habs1                                                 abs1         000000
__Hbank0                                                bank0        000000
__Hbank1                                                bank1        000000
__Hbank2                                                bank2        000000
__Hbank3                                                bank3        000000
__Hbank4                                                bank4        000000
__Hbank5                                                bank5        000000
__Hbank6                                                bank6        000000
__Hbank7                                                bank7        000000
__Hbigbss                                               bigbss       000000
__Hbigdata                                              bigdata      000000
__Hbigram                                               bigram       000000
__Hbigsfr                                               bigsfr       000000
__Hbss                                                  bss          000000
__HbssBANK0                                             bssBANK0     000000
__HbssCOMRAM                                            bssCOMRAM    000000
__Hcinit                                                cinit        000000
__Hclrtext                                              clrtext      000000
__Hcomram                                               comram       000000
__Hconfig                                               config       30000E
__Hconst                                                const        000000
__HcstackBANK0                                          cstackBANK0  000000
__HcstackCOMRAM                                         cstackCOMRAM 000000
__Hdata                                                 data         000000
__Heeprom_data                                          eeprom_data  000000
__Hfarbss                                               farbss       000000
__Hfardata                                              fardata      000000
__Hheap                                                 heap         000000
__Hibigdata                                             ibigdata     000000
__Hidata                                                idata        000000
__Hidloc                                                idloc        000000
__Hifardata                                             ifardata     000000
__Hinit                                                 init         0000CA
__Hintcode                                              intcode      0000C6
__Hintcode_body                                         intcode_body 000000
__Hintcodelo                                            intcodelo    0000C6
__Hintentry                                             intentry     000000
__Hintret                                               intret       000000
__Hintsave_regs                                         intsave_regs 000000
__Hirdata                                               irdata       000000
__Hmediumconst                                          mediumconst  000000
__HnvFARRAM                                             nvFARRAM     000000
__Hnvbit                                                nvbit        000000
__Hnvrram                                               nvrram       000000
__Hparam                                                rparam       000000
__Hpowerup                                              powerup      0000C6
__Hram                                                  ram          000000
__Hramtop                                               ramtop       000800
__Hrbit                                                 rbit         000000
__Hrbss                                                 rbss         000000
__Hrdata                                                rdata        000000
__Hreset_vec                                            reset_vec    000004
__Hrparam                                               rparam       000000
__Hsfr                                                  sfr          000000
__Hsivt_hi                                              sivt_hi      000000
__Hsivt_lo                                              sivt_lo      000000
__Hsmallconst                                           smallconst   000826
__Hspace_0                                              (abs)        00136E
__Hspace_1                                              (abs)        0000AE
__Hspace_2                                              (abs)        000000
__Hspace_4                                              (abs)        60000E
__Hstack                                                stack        000000
__Hstruct                                               struct       000000
__Htemp                                                 temp         00004A
__Htext                                                 text         000000
__Htext0                                                text0        000000
__Htext1                                                text1        000000
__Htext10                                               text10       000000
__Htext11                                               text11       000000
__Htext12                                               text12       000000
__Htext13                                               text13       000000
__Htext15                                               text15       000000
__Htext16                                               text16       000000
__Htext17                                               text17       000000
__Htext18                                               text18       000000
__Htext19                                               text19       000000
__Htext2                                                text2        000000
__Htext20                                               text20       000000
__Htext21                                               text21       000000
__Htext22                                               text22       000000
__Htext23                                               text23       000000
__Htext24                                               text24       000000
__Htext25                                               text25       000000
__Htext26                                               text26       000000
__Htext27                                               text27       000000
__Htext28                                               text28       000000
__Htext29                                               text29       000000
__Htext3                                                text3        000000
__Htext30                                               text30       000000
__Htext31                                               text31       000000
__Htext32                                               text32       000000
__Htext33                                               text33       000000
__Htext34                                               text34       000000
__Htext35                                               text35       000000
__Htext36                                               text36       000000
__Htext37                                               text37       000000
__Htext38                                               text38       000000
__Htext39                                               text39       000000
__Htext4                                                text4        000000
__Htext40                                               text40       000000
__Htext41                                               text41       000000
__Htext42                                               text42       000000
__Htext43                                               text43       000000
__Htext44                                               text44       000000
__Htext45                                               text45       000000
__Htext46                                               text46       000000
__Htext47                                               text47       000000
__Htext48                                               text48       000000
__Htext49                                               text49       000000
__Htext5                                                text5        000000
__Htext50                                               text50       000000
__Htext51                                               text51       000000
__Htext52                                               text52       000000
__Htext53                                               text53       000000
__Htext54                                               text54       000000
__Htext55                                               text55       000000
__Htext56                                               text56       000000
__Htext57                                               text57       000000
__Htext6                                                text6        000000
__Htext7                                                text7        000000
__Htext8                                                text8        000000
__Htext9                                                text9        000000
__LRAM                                                  (abs)        000001
__L__absolute__                                         __absolute__ 000000
__Labs1                                                 abs1         000000
__Lbank0                                                bank0        000000
__Lbank1                                                bank1        000000
__Lbank2                                                bank2        000000
__Lbank3                                                bank3        000000
__Lbank4                                                bank4        000000
__Lbank5                                                bank5        000000
__Lbank6                                                bank6        000000
__Lbank7                                                bank7        000000
__Lbigbss                                               bigbss       000000
__Lbigdata                                              bigdata      000000
__Lbigram                                               bigram       000000
__Lbigsfr                                               bigsfr       000000
__Lbss                                                  bss          000000
__LbssBANK0                                             bssBANK0     000000
__LbssCOMRAM                                            bssCOMRAM    000000
__Lcinit                                                cinit        000000
__Lclrtext                                              clrtext      000000
__Lcomram                                               comram       000000
__Lconfig                                               config       000000
__Lconst                                                const        000000
__LcstackBANK0                                          cstackBANK0  000000
__LcstackCOMRAM                                         cstackCOMRAM 000000
__Ldata                                                 data         000000
__Leeprom_data                                          eeprom_data  000000
__Lfarbss                                               farbss       000000
__Lfardata                                              fardata      000000
__Lheap                                                 heap         000000
__Libigdata                                             ibigdata     000000
__Lidata                                                idata        000000
__Lidloc                                                idloc        000000
__Lifardata                                             ifardata     000000
__Linit                                                 init         0000C6
__Lintcode                                              intcode      000008
__Lintcode_body                                         intcode_body 000000
__Lintcodelo                                            intcodelo    0000C6
__Lintentry                                             intentry     000000
__Lintret                                               intret       000000
__Lintsave_regs                                         intsave_regs 000000
__Lirdata                                               irdata       000000
__Lmediumconst                                          mediumconst  000000
__LnvFARRAM                                             nvFARRAM     000000
__Lnvbit                                                nvbit        000000
__Lnvrram                                               nvrram       000000
__Lparam                                                rparam       000000
__Lpowerup                                              powerup      0000C6
__Lram                                                  ram          000000
__Lramtop                                               ramtop       000800
__Lrbit                                                 rbit         000000
__Lrbss                                                 rbss         000000
__Lrdata                                                rdata        000000
__Lreset_vec                                            reset_vec    000000
__Lrparam                                               rparam       000000
__Lsfr                                                  sfr          000000
__Lsivt_hi                                              sivt_hi      000000
__Lsivt_lo                                              sivt_lo      000000
__Lsmallconst                                           smallconst   000800
__Lspace_0                                              (abs)        000000
__Lspace_1                                              (abs)        000000
__Lspace_2                                              (abs)        000000
__Lspace_4                                              (abs)        000000
__Lstack                                                stack        000000
__Lstruct                                               struct       000000
__Ltemp                                                 temp         000049
__Ltext                                                 text         000000
__Ltext0                                                text0        000000
__Ltext1                                                text1        000000
__Ltext10                                               text10       000000
__Ltext11                                               text11       000000
__Ltext12                                               text12       000000
__Ltext13                                               text13       000000
__Ltext15                                               text15       000000
__Ltext16                                               text16       000000
__Ltext17                                               text17       000000
__Ltext18                                               text18       000000
__Ltext19                                               text19       000000
__Ltext2                                                text2        000000
__Ltext20                                               text20       000000
__Ltext21                                               text21       000000
__Ltext22                                               text22       000000
__Ltext23                                               text23       000000
__Ltext24                                               text24       000000
__Ltext25                                               text25       000000
__Ltext26                                               text26       000000
__Ltext27                                               text27       000000
__Ltext28                                               text28       000000
__Ltext29                                               text29       000000
__Ltext3                                                text3        000000
__Ltext30                                               text30       000000
__Ltext31                                               text31       000000
__Ltext32                                               text32       000000
__Ltext33                                               text33       000000
__Ltext34                                               text34       000000
__Ltext35                                               text35       000000
__Ltext36                                               text36       000000
__Ltext37                                               text37       000000
__Ltext38                                               text38       000000
__Ltext39                                               text39       000000
__Ltext4                                                text4        000000
__Ltext40                                               text40       000000
__Ltext41                                               text41       000000
__Ltext42                                               text42       000000
__Ltext43                                               text43       000000
__Ltext44                                               text44       000000
__Ltext45                                               text45       000000
__Ltext46                                               text46       000000
__Ltext47                                               text47       000000
__Ltext48                                               text48       000000
__Ltext49                                               text49       000000
__Ltext5                                                text5        000000
__Ltext50                                               text50       000000
__Ltext51                                               text51       000000
__Ltext52                                               text52       000000
__Ltext53                                               text53       000000
__Ltext54                                               text54       000000
__Ltext55                                               text55       000000
__Ltext56                                               text56       000000
__Ltext57                                               text57       000000
__Ltext6                                                text6        000000
__Ltext7                                                text7        000000
__Ltext8                                                text8        000000
__Ltext9                                                text9        000000
__S0                                                    (abs)        00136E
__S1                                                    (abs)        0000AE
__S4                                                    (abs)        000000
__S5                                                    (abs)        000000
___awdiv                                                text8        000AA2
___awdiv@counter                                        cstackCOMRAM 00001B
___awdiv@dividend                                       cstackCOMRAM 000017
___awdiv@divisor                                        cstackCOMRAM 000019
___awdiv@quotient                                       cstackCOMRAM 00001D
___awdiv@sign                                           cstackCOMRAM 00001C
___awmod                                                text7        000B64
___awmod@counter                                        cstackCOMRAM 00001B
___awmod@dividend                                       cstackCOMRAM 000017
___awmod@divisor                                        cstackCOMRAM 000019
___awmod@sign                                           cstackCOMRAM 00001C
___heap_hi                                              (abs)        000000
___heap_lo                                              (abs)        000000
___inthi_sp                                             stack        000000
___inthi_stack_hi                                       stack        000000
___inthi_stack_lo                                       stack        000000
___intlo_sp                                             stack        000000
___intlo_stack_hi                                       stack        000000
___intlo_stack_lo                                       stack        000000
___param_bank                                           (abs)        000000
___rparam_used                                          (abs)        000001
___sp                                                   stack        000000
___stack_hi                                             stack        000000
___stack_lo                                             stack        000000
__accesstop                                             (abs)        000060
__activetblptr                                          (abs)        000002
__end_of_I2C1_CallbackReturnReset                       text41       001360
__end_of_I2C1_CallbackReturnStop                        text42       001364
__end_of_I2C1_DO_ADDRESS_NACK                           text18       000EEA
__end_of_I2C1_DO_IDLE                                   text32       0012F6
__end_of_I2C1_DO_RCEN                                   text27       0012E2
__end_of_I2C1_DO_RESET                                  text19       0012EC
__end_of_I2C1_DO_RX                                     text28       000E08
__end_of_I2C1_DO_RX_ACK                                 text22       00130E
__end_of_I2C1_DO_RX_NACK_RESTART                        text20       0012FE
__end_of_I2C1_DO_RX_NACK_STOP                           text21       001306
__end_of_I2C1_DO_SEND_ADR_READ                          text31       0012D6
__end_of_I2C1_DO_SEND_ADR_WRITE                         text30       0012C6
__end_of_I2C1_DO_SEND_RESTART                           text24       00131E
__end_of_I2C1_DO_SEND_RESTART_READ                      text26       00132E
__end_of_I2C1_DO_SEND_RESTART_WRITE                     text25       001326
__end_of_I2C1_DO_SEND_STOP                              text23       001316
__end_of_I2C1_DO_TX                                     text29       000AA2
__end_of_I2C1_DO_TX_EMPTY                               text33       000E82
__end_of_I2C1_Initialize                                text13       0012B6
__end_of_I2C1_MasterClearIrq                            text17       001350
__end_of_I2C1_MasterEnableRestart                       text57       00136C
__end_of_I2C1_MasterFsm                                 text16       000F50
__end_of_I2C1_MasterGetRxData                           text38       001358
__end_of_I2C1_MasterIsNack                              text35       001280
__end_of_I2C1_MasterIsr                                 text15       00133C
__end_of_I2C1_MasterSendAck                             text37       001342
__end_of_I2C1_MasterSendNack                            text39       001348
__end_of_I2C1_MasterSendTxData                          text36       001336
__end_of_I2C1_MasterSetIrq                              text34       001354
__end_of_I2C1_MasterStartRx                             text40       00135C
__end_of_I2C1_MasterStop                                text56       001368
__end_of_I2C1_SetBuffer                                 text55       00123C
__end_of_I2C1_SetCallback                               text54       000FA8
__end_of_I2C1_SetDataCompleteCallback                   text53       001294
__end_of_INTERRUPT_Initialize                           text12       00134C
__end_of_INTERRUPT_InterruptManager                     intcode      0000C6
__end_of_OSCILLATOR_Initialize                          text11       001258
__end_of_PIN_MANAGER_Initialize                         text10       00126C
__end_of_SYSTEM_Initialize                              text9        0012A6
__end_of___awdiv                                        text8        000B64
__end_of___awmod                                        text7        000C12
__end_of__initialization                                cinit        0010DA
__end_of_abs                                            text6        0010C2
__end_of_fputc                                          text4        000CBC
__end_of_i2c1_fsmStateTable                             smallconst   000821
__end_of_main                                           text0        000D64
__end_of_putch                                          text5        00136E
__end_of_rd1RegCompleteHandler                          text51       0011F2
__end_of_rd1RegCompleteHandler@i2c_simple_master$F680   text45       001134
__end_of_rd2RegCompleteHandler                          text50       0011CC
__end_of_rd2RegCompleteHandler@i2c_simple_master$F688   text44       00110E
__end_of_rdBlkRegCompleteHandler                        text47       00105A
__end_of_rdBlkRegCompleteHandler@i2c_simple_master$F700 text43       001020
__end_of_sprintf                                        text1        00108E
__end_of_vfpfcnvrt                                      text3        0009DE
__end_of_vfprintf                                       text2        000FE6
__end_of_wr1RegCompleteHandler                          text49       0011A6
__end_of_wr1RegCompleteHandler@i2c_simple_master$F670   text46       00115A
__end_of_wr2RegCompleteHandler                          text48       001180
__end_of_wr2RegCompleteHandler@i2c_simple_master$F694   text52       001218
__initialization                                        cinit        0010C2
__mediumconst                                           mediumconst  000000
__pbssBANK0                                             bssBANK0     000060
__pbssCOMRAM                                            bssCOMRAM    000040
__pcinit                                                cinit        0010C2
__pcstackBANK0                                          cstackBANK0  00009E
__pcstackCOMRAM                                         cstackCOMRAM 000001
__pintcode                                              intcode      000008
__psmallconst                                           smallconst   000800
__ptext0                                                text0        000CBC
__ptext1                                                text1        00105A
__ptext10                                               text10       001258
__ptext11                                               text11       00123C
__ptext12                                               text12       001348
__ptext13                                               text13       0012A6
__ptext15                                               text15       001336
__ptext16                                               text16       000EEA
__ptext17                                               text17       00134C
__ptext18                                               text18       000E82
__ptext19                                               text19       0012E2
__ptext2                                                text2        000FA8
__ptext20                                               text20       0012F6
__ptext21                                               text21       0012FE
__ptext22                                               text22       001306
__ptext23                                               text23       00130E
__ptext24                                               text24       001316
__ptext25                                               text25       00131E
__ptext26                                               text26       001326
__ptext27                                               text27       0012D6
__ptext28                                               text28       000D64
__ptext29                                               text29       0009DE
__ptext3                                                text3        000826
__ptext30                                               text30       0012B6
__ptext31                                               text31       0012C6
__ptext32                                               text32       0012EC
__ptext33                                               text33       000E08
__ptext34                                               text34       001350
__ptext35                                               text35       00126C
__ptext36                                               text36       00132E
__ptext37                                               text37       00133C
__ptext38                                               text38       001354
__ptext39                                               text39       001342
__ptext4                                                text4        000C12
__ptext40                                               text40       001358
__ptext41                                               text41       00135C
__ptext42                                               text42       001360
__ptext43                                               text43       000FE6
__ptext44                                               text44       0010E8
__ptext45                                               text45       00110E
__ptext46                                               text46       001134
__ptext47                                               text47       001020
__ptext48                                               text48       00115A
__ptext49                                               text49       001180
__ptext5                                                text5        00136C
__ptext50                                               text50       0011A6
__ptext51                                               text51       0011CC
__ptext52                                               text52       0011F2
__ptext53                                               text53       001280
__ptext54                                               text54       000F50
__ptext55                                               text55       001218
__ptext56                                               text56       001364
__ptext57                                               text57       001368
__ptext6                                                text6        00108E
__ptext7                                                text7        000B64
__ptext8                                                text8        000AA2
__ptext9                                                text9        001294
__ramtop                                                ramtop       000800
__smallconst                                            smallconst   000800
_abs                                                    text6        00108E
_dbuf                                                   bssBANK0     000060
_display_cursor_blink                                   bssCOMRAM    000047
_flags                                                  bssCOMRAM    000046
_fputc                                                  text4        000C12
_i2c1_fsmStateTable                                     smallconst   000801
_main                                                   text0        000CBC
_pcf_port                                               bssCOMRAM    000048
_prec                                                   bssCOMRAM    000042
_putch                                                  text5        00136C
_rd1RegCompleteHandler                                  text51       0011CC
_rd1RegCompleteHandler@i2c_simple_master$F680           text45       00110E
_rd2RegCompleteHandler                                  text50       0011A6
_rd2RegCompleteHandler@i2c_simple_master$F688           text44       0010E8
_rdBlkRegCompleteHandler                                text47       001020
_rdBlkRegCompleteHandler@i2c_simple_master$F700         text43       000FE6
_sprintf                                                text1        00105A
_vfpfcnvrt                                              text3        000826
_vfprintf                                               text2        000FA8
_width                                                  bssCOMRAM    000040
_wr1RegCompleteHandler                                  text49       001180
_wr1RegCompleteHandler@i2c_simple_master$F670           text46       001134
_wr2RegCompleteHandler                                  text48       00115A
_wr2RegCompleteHandler@i2c_simple_master$F694           text52       0011F2
abs@a                                                   cstackCOMRAM 00001D
btemp                                                   temp         000049
end_of_initialization                                   cinit        0010DA
fputc@c                                                 cstackCOMRAM 000017
fputc@fp                                                cstackCOMRAM 000019
int$flags                                               temp         000049
intlevel0                                               text         000000
intlevel1                                               text         000000
intlevel2                                               text         000000
intlevel3                                               text         000000
isa$std                                                 (abs)        000001
isa$xinst                                               (abs)        000000
main@Contador                                           cstackBANK0  0000AA
main@Contadorstr                                        cstackBANK0  0000A0
main@PulsadorE                                          cstackBANK0  0000AC
rd1RegCompleteHandler@i2c_simple_master$F680@p          cstackCOMRAM 000008
rd1RegCompleteHandler@ptr                               cstackCOMRAM 000008
rd2RegCompleteHandler@i2c_simple_master$F688@p          cstackCOMRAM 000008
rd2RegCompleteHandler@ptr                               cstackCOMRAM 000008
rdBlkRegCompleteHandler@i2c_simple_master$F700@p        cstackCOMRAM 000008
rdBlkRegCompleteHandler@ptr                             cstackCOMRAM 000008
sprintf@ap                                              cstackCOMRAM 000034
sprintf@f                                               cstackCOMRAM 000035
sprintf@fmt                                             cstackCOMRAM 000031
sprintf@s                                               cstackCOMRAM 000030
stackhi                                                 (abs)        000000
stacklo                                                 (abs)        000000
start                                                   init         0000C6
start_initialization                                    cinit        0010C2
ttemp5                                                  temp         00004A
ttemp6                                                  temp         00004D
ttemp7                                                  temp         000051
vfpfcnvrt@ap                                            cstackCOMRAM 000023
vfpfcnvrt@c                                             cstackCOMRAM 00002B
vfpfcnvrt@convarg                                       cstackCOMRAM 000027
vfpfcnvrt@cp                                            cstackCOMRAM 000026
vfpfcnvrt@done                                          cstackCOMRAM 000025
vfpfcnvrt@fmt                                           cstackCOMRAM 000022
vfpfcnvrt@fp                                            cstackCOMRAM 000021
vfprintf@ap                                             cstackCOMRAM 00002E
vfprintf@cfmt                                           cstackCOMRAM 00002F
vfprintf@fmt                                            cstackCOMRAM 00002D
vfprintf@fp                                             cstackCOMRAM 00002C
wr1RegCompleteHandler@i2c_simple_master$F670@p          cstackCOMRAM 000008
wr1RegCompleteHandler@ptr                               cstackCOMRAM 000008
wr2RegCompleteHandler@i2c_simple_master$F694@p          cstackCOMRAM 000008
wr2RegCompleteHandler@ptr                               cstackCOMRAM 000008
wtemp8                                                  temp         00004A


MODULE INFORMATION

Module		Function		Class		Link	Load	Size
mcc_generated_files/examples/i2c1_master_example.c
		_wr1RegCompleteHandler		CODE           	1180	0000	38
		_wr2RegCompleteHandler		CODE           	115A	0000	38
		_rdBlkRegCompleteHandler		CODE           	1020	0000	58
		_rd1RegCompleteHandler		CODE           	11CC	0000	38
		_rd2RegCompleteHandler		CODE           	11A6	0000	38

mcc_generated_files/examples/i2c1_master_example.c estimated size: 210

mcc_generated_files/i2c1_master.c
		_I2C1_DO_SEND_RESTART		CODE           	1316	0000	8
		_I2C1_DO_TX_EMPTY		CODE           	0E08	0000	122
		_I2C1_DO_SEND_RESTART_READ		CODE           	1326	0000	8
		_I2C1_CallbackReturnStop		CODE           	1360	0000	4
		_I2C1_DO_RX    		CODE           	0D64	0000	164
		_I2C1_DO_TX    		CODE           	09DE	0000	196
		_I2C1_DO_IDLE  		CODE           	12EC	0000	10
		_I2C1_DO_RCEN  		CODE           	12D6	0000	12
		_I2C1_MasterSendTxData		CODE           	132E	0000	8
		_I2C1_MasterStop		CODE           	1364	0000	4
		_I2C1_CallbackReturnReset		CODE           	135C	0000	4
		_I2C1_DO_RESET 		CODE           	12E2	0000	10
		_I2C1_MasterStartRx		CODE           	1358	0000	4
		_I2C1_DO_RX_ACK		CODE           	1306	0000	8
		_I2C1_MasterSendNack		CODE           	1342	0000	6
		_I2C1_DO_RX_NACK_RESTART		CODE           	12F6	0000	8
		_I2C1_SetCallback		CODE           	0F50	0000	88
		_I2C1_MasterEnableRestart		CODE           	1368	0000	4
		_I2C1_DO_ADDRESS_NACK		CODE           	0E82	0000	104
		_I2C1_SetBuffer		CODE           	1218	0000	36
		_I2C1_DO_SEND_RESTART_WRITE		CODE           	131E	0000	8
		_I2C1_Initialize		CODE           	12A6	0000	16
		_I2C1_MasterIsNack		CODE           	126C	0000	20
		_I2C1_DO_SEND_ADR_WRITE		CODE           	12B6	0000	16
		_I2C1_MasterClearIrq		CODE           	134C	0000	4
		_I2C1_SetDataCompleteCallback		CODE           	1280	0000	20
		_I2C1_DO_SEND_STOP		CODE           	130E	0000	8
		_I2C1_MasterSendAck		CODE           	133C	0000	6
		_I2C1_MasterFsm		CODE           	0EEA	0000	102
		_I2C1_MasterIsr		CODE           	1336	0000	6
		_I2C1_MasterGetRxData		CODE           	1354	0000	4
		_I2C1_MasterSetIrq		CODE           	1350	0000	4
		_I2C1_DO_SEND_ADR_READ		CODE           	12C6	0000	16
		_I2C1_DO_RX_NACK_STOP		CODE           	12FE	0000	8

mcc_generated_files/i2c1_master.c estimated size: 1046

mcc_generated_files/interrupt_manager.c
		_INTERRUPT_Initialize		CODE           	1348	0000	4
		_INTERRUPT_InterruptManager		CODE           	0008	0000	190

mcc_generated_files/interrupt_manager.c estimated size: 194

mcc_generated_files/pin_manager.c
		_PIN_MANAGER_Initialize		CODE           	1258	0000	20

mcc_generated_files/pin_manager.c estimated size: 20

C:\Program Files\Microchip\xc8\v2.50\pic\sources\c99\common\awmod.c
		___awmod       		CODE           	0B64	0000	174

C:\Program Files\Microchip\xc8\v2.50\pic\sources\c99\common\awmod.c estimated size: 174

C:\Program Files\Microchip\xc8\v2.50\pic\sources\c99\common\putch.c
		_putch         		CODE           	136C	0000	2

C:\Program Files\Microchip\xc8\v2.50\pic\sources\c99\common\putch.c estimated size: 2

C:\Program Files\Microchip\xc8\v2.50\pic\sources\c99\common\abs.c
		_abs           		CODE           	108E	0000	52

C:\Program Files\Microchip\xc8\v2.50\pic\sources\c99\common\abs.c estimated size: 52

mcc_generated_files/drivers/i2c_simple_master.c
		_wr1RegCompleteHandler@i2c_simple_master$F670		CODE           	1134	0000	38
		_wr2RegCompleteHandler@i2c_simple_master$F694		CODE           	11F2	0000	38
		_rd1RegCompleteHandler@i2c_simple_master$F680		CODE           	110E	0000	38
		_rd2RegCompleteHandler@i2c_simple_master$F688		CODE           	10E8	0000	38
		_rdBlkRegCompleteHandler@i2c_simple_master$F700		CODE           	0FE6	0000	58

mcc_generated_files/drivers/i2c_simple_master.c estimated size: 210

C:\Program Files\Microchip\xc8\v2.50\pic\sources\c99\common\nf_sprintf.c
		_sprintf       		CODE           	105A	0000	52

C:\Program Files\Microchip\xc8\v2.50\pic\sources\c99\common\nf_sprintf.c estimated size: 52

C:\Program Files\Microchip\xc8\v2.50\pic\sources\c99\common\nf_fputc.c
		_fputc         		CODE           	0C12	0000	170

C:\Program Files\Microchip\xc8\v2.50\pic\sources\c99\common\nf_fputc.c estimated size: 170

shared
		__initialization		CODE           	10C2	0000	24
		_i2c1_fsmStateTable		SMALLCONST     	0801	0000	32

shared estimated size: 56

mcc_generated_files/mcc.c
		_OSCILLATOR_Initialize		CODE           	123C	0000	28
		_SYSTEM_Initialize		CODE           	1294	0000	18

mcc_generated_files/mcc.c estimated size: 46

C:\Program Files\Microchip\xc8\v2.50\pic\sources\c99\common\awdiv.c
		___awdiv       		CODE           	0AA2	0000	194

C:\Program Files\Microchip\xc8\v2.50\pic\sources\c99\common\awdiv.c estimated size: 194

C:\Program Files\Microchip\xc8\v2.50\pic\sources\c99\common\doprnt.c
		_vfpfcnvrt     		CODE           	0826	0000	440
		_vfprintf      		CODE           	0FA8	0000	62

C:\Program Files\Microchip\xc8\v2.50\pic\sources\c99\common\doprnt.c estimated size: 502

main.c
		_main          		CODE           	0CBC	0000	168

main.c estimated size: 168

